namanbajpai@n3-116-65 codefest % /Users/namanbajpai/.pyenv/versions/3.10.0/bin/python /Users/namanbajpai/Desktop/codefest/naman.py
/Users/namanbajpai/.pyenv/versions/3.10.0/lib/python3.10/site-packages/urllib3/connectionpool.py:1103: InsecureRequestWarning: Unverified HTTPS request is being made to host 'ec2-54-160-110-4.compute-1.amazonaws.com'. Adding certificate verification is strongly advised. See: https://urllib3.readthedocs.io/en/latest/advanced-usage.html#tls-warnings
  warnings.warn(
Failed to retrieve token: 401 {"error":"invalid_client","error_description":"Invalid credentials"}
namanbajpai@n3-116-65 codefest % /Users/namanbajpai/.pyenv/versions/3.10.0/bin/python /Users/namanbajpai/Desktop/codefest/naman.py
/Users/namanbajpai/.pyenv/versions/3.10.0/lib/python3.10/site-packages/urllib3/connectionpool.py:1103: InsecureRequestWarning: Unverified HTTPS request is being made to host 'ec2-54-160-110-4.compute-1.amazonaws.com'. Adding certificate verification is strongly advised. See: https://urllib3.readthedocs.io/en/latest/advanced-usage.html#tls-warnings
  warnings.warn(
Failed to retrieve token: 401 {"error":"invalid_client","error_description":"Invalid credentials"}
namanbajpai@n3-116-65 codefest % /Users/namanbajpai/.pyenv/versions/3.10.0/bin/python /Users/namanbajpai/Desktop/codefest/naman.py
/Users/namanbajpai/.pyenv/versions/3.10.0/lib/python3.10/site-packages/urllib3/connectionpool.py:1103: InsecureRequestWarning: Unverified HTTPS request is being made to host 'ec2-54-160-110-4.compute-1.amazonaws.com'. Adding certificate verification is strongly advised. See: https://urllib3.readthedocs.io/en/latest/advanced-usage.html#tls-warnings
  warnings.warn(
Access Token: WwORYUzhB00lkRHfHhW09DFBUvj5pfvh
namanbajpai@n3-116-65 codefest % /Users/namanbajpai/.pyenv/versions/3.10.0/bin/python /Users/namanbajpai/Desktop/codefest/content.py
/Users/namanbajpai/.pyenv/versions/3.10.0/lib/python3.10/site-packages/urllib3/connectionpool.py:1103: InsecureRequestWarning: Unverified HTTPS request is being made to host 'ec2-54-160-110-4.compute-1.amazonaws.com'. Adding certificate verification is strongly advised. See: https://urllib3.readthedocs.io/en/latest/advanced-usage.html#tls-warnings
  warnings.warn(
Course Data: {'results': [{'id': '_3_1', 'courseId': 'test-course-id', 'name': 'Test Course', 'description': 'This is a test course created to test out the API.', 'organization': False, 'ultraStatus': 'Ultra', 'readOnly': False, 'availability': {'available': 'Yes', 'duration': {'type': 'Continuous'}}, 'enrollment': {'type': 'InstructorLed'}, 'locale': {'force': False}, 'externalAccessUrl': 'https://ec2-54-160-110-4.compute-1.amazonaws.com/ultra/courses/_3_1/outline'}]}
namanbajpai@n3-116-65 codefest % /Users/namanbajpai/.pyenv/versions/3.10.0/bin/python /Users/namanbajpai/Desktop/codefest/content.py
/Users/namanbajpai/.pyenv/versions/3.10.0/lib/python3.10/site-packages/urllib3/connectionpool.py:1103: InsecureRequestWarning: Unverified HTTPS request is being made to host 'ec2-54-160-110-4.compute-1.amazonaws.com'. Adding certificate verification is strongly advised. See: https://urllib3.readthedocs.io/en/latest/advanced-usage.html#tls-warnings
  warnings.warn(
Course Data: {'results': [{'id': '_3_1', 'courseId': 'test-course-id', 'name': 'Test Course', 'description': 'This is a test course created to test out the API.', 'organization': False, 'ultraStatus': 'Ultra', 'readOnly': False, 'availability': {'available': 'Yes', 'duration': {'type': 'Continuous'}}, 'enrollment': {'type': 'InstructorLed'}, 'locale': {'force': False}, 'externalAccessUrl': 'https://ec2-54-160-110-4.compute-1.amazonaws.com/ultra/courses/_3_1/outline'}]}
/Users/namanbajpai/.pyenv/versions/3.10.0/lib/python3.10/site-packages/urllib3/connectionpool.py:1103: InsecureRequestWarning: Unverified HTTPS request is being made to host 'ec2-54-160-110-4.compute-1.amazonaws.com'. Adding certificate verification is strongly advised. See: https://urllib3.readthedocs.io/en/latest/advanced-usage.html#tls-warnings
  warnings.warn(
Content for Course ID _3_1: {'results': [{'id': '_17_1', 'parentId': '_11_1', 'title': 'Resume', 'created': '2024-04-04T07:54:07.144Z', 'modified': '2024-04-04T07:55:03.642Z', 'position': 0, 'hasChildren': True, 'launchInNewWindow': True, 'reviewable': True, 'availability': {'available': 'Yes', 'allowGuests': True, 'allowObservers': True, 'adaptiveRelease': {}}, 'contentHandler': {'id': 'resource/x-bb-folder', 'isBbPage': True}, 'links': [{'href': '/ultra/redirect?redirectType=nautilus&courseId=_3_1&contentId=_17_1&parentId=_11_1', 'rel': 'alternate', 'title': 'User Interface View', 'type': 'text/html'}]}, {'id': '_14_1', 'parentId': '_11_1', 'title': 'Syllabus', 'created': '2024-04-04T07:33:30.856Z', 'modified': '2024-04-04T07:54:07.158Z', 'position': 1, 'hasChildren': True, 'launchInNewWindow': True, 'reviewable': True, 'availability': {'available': 'Yes', 'allowGuests': True, 'allowObservers': True, 'adaptiveRelease': {}}, 'contentHandler': {'id': 'resource/x-bb-folder', 'isBbPage': True}, 'links': [{'href': '/ultra/redirect?redirectType=nautilus&courseId=_3_1&contentId=_14_1&parentId=_11_1', 'rel': 'alternate', 'title': 'User Interface View', 'type': 'text/html'}]}]}
namanbajpai@n3-116-65 codefest % /Users/namanbajpai/.pyenv/versions/3.10.0/bin/python /Users/namanbajpai/Desktop/codefest/children.py
/Users/namanbajpai/.pyenv/versions/3.10.0/lib/python3.10/site-packages/urllib3/connectionpool.py:1103: InsecureRequestWarning: Unverified HTTPS request is being made to host 'ec2-54-160-110-4.compute-1.amazonaws.com'. Adding certificate verification is strongly advised. See: https://urllib3.readthedocs.io/en/latest/advanced-usage.html#tls-warnings
  warnings.warn(
Course Data: {'results': [{'id': '_3_1', 'courseId': 'test-course-id', 'name': 'Test Course', 'description': 'This is a test course created to test out the API.', 'organization': False, 'ultraStatus': 'Ultra', 'readOnly': False, 'availability': {'available': 'Yes', 'duration': {'type': 'Continuous'}}, 'enrollment': {'type': 'InstructorLed'}, 'locale': {'force': False}, 'externalAccessUrl': 'https://ec2-54-160-110-4.compute-1.amazonaws.com/ultra/courses/_3_1/outline'}]}
/Users/namanbajpai/.pyenv/versions/3.10.0/lib/python3.10/site-packages/urllib3/connectionpool.py:1103: InsecureRequestWarning: Unverified HTTPS request is being made to host 'ec2-54-160-110-4.compute-1.amazonaws.com'. Adding certificate verification is strongly advised. See: https://urllib3.readthedocs.io/en/latest/advanced-usage.html#tls-warnings
  warnings.warn(
Content for Endpoint /learn/api/public/v1/courses/_3_1/contents: {'results': [{'id': '_17_1', 'parentId': '_11_1', 'title': 'Resume', 'created': '2024-04-04T07:54:07.144Z', 'modified': '2024-04-04T07:55:03.642Z', 'position': 0, 'hasChildren': True, 'launchInNewWindow': True, 'reviewable': True, 'availability': {'available': 'Yes', 'allowGuests': True, 'allowObservers': True, 'adaptiveRelease': {}}, 'contentHandler': {'id': 'resource/x-bb-folder', 'isBbPage': True}, 'links': [{'href': '/ultra/redirect?redirectType=nautilus&courseId=_3_1&contentId=_17_1&parentId=_11_1', 'rel': 'alternate', 'title': 'User Interface View', 'type': 'text/html'}]}, {'id': '_14_1', 'parentId': '_11_1', 'title': 'Syllabus', 'created': '2024-04-04T07:33:30.856Z', 'modified': '2024-04-04T07:54:07.158Z', 'position': 1, 'hasChildren': True, 'launchInNewWindow': True, 'reviewable': True, 'availability': {'available': 'Yes', 'allowGuests': True, 'allowObservers': True, 'adaptiveRelease': {}}, 'contentHandler': {'id': 'resource/x-bb-folder', 'isBbPage': True}, 'links': [{'href': '/ultra/redirect?redirectType=nautilus&courseId=_3_1&contentId=_14_1&parentId=_11_1', 'rel': 'alternate', 'title': 'User Interface View', 'type': 'text/html'}]}]}
/Users/namanbajpai/.pyenv/versions/3.10.0/lib/python3.10/site-packages/urllib3/connectionpool.py:1103: InsecureRequestWarning: Unverified HTTPS request is being made to host 'ec2-54-160-110-4.compute-1.amazonaws.com'. Adding certificate verification is strongly advised. See: https://urllib3.readthedocs.io/en/latest/advanced-usage.html#tls-warnings
  warnings.warn(
Failed to retrieve content for Endpoint /learn/api/public/v1/courses/_3_1/contents/_17_1/contents: 404 {"status":404,"message":"API is not found for the specified URL."}
/Users/namanbajpai/.pyenv/versions/3.10.0/lib/python3.10/site-packages/urllib3/connectionpool.py:1103: InsecureRequestWarning: Unverified HTTPS request is being made to host 'ec2-54-160-110-4.compute-1.amazonaws.com'. Adding certificate verification is strongly advised. See: https://urllib3.readthedocs.io/en/latest/advanced-usage.html#tls-warnings
  warnings.warn(
Failed to retrieve content for Endpoint /learn/api/public/v1/courses/_3_1/contents/_14_1/contents: 404 {"status":404,"message":"API is not found for the specified URL."}
namanbajpai@n3-116-65 codefest % /Users/namanbajpai/.pyenv/versions/3.10.0/bin/python /Users/namanbajpai/Desktop/codefest/children.py
/Users/namanbajpai/.pyenv/versions/3.10.0/lib/python3.10/site-packages/urllib3/connectionpool.py:1103: InsecureRequestWarning: Unverified HTTPS request is being made to host 'ec2-54-160-110-4.compute-1.amazonaws.com'. Adding certificate verification is strongly advised. See: https://urllib3.readthedocs.io/en/latest/advanced-usage.html#tls-warnings
  warnings.warn(
Course Data: {'results': [{'id': '_3_1', 'courseId': 'test-course-id', 'name': 'Test Course', 'description': 'This is a test course created to test out the API.', 'organization': False, 'ultraStatus': 'Ultra', 'readOnly': False, 'availability': {'available': 'Yes', 'duration': {'type': 'Continuous'}}, 'enrollment': {'type': 'InstructorLed'}, 'locale': {'force': False}, 'externalAccessUrl': 'https://ec2-54-160-110-4.compute-1.amazonaws.com/ultra/courses/_3_1/outline'}]}
/Users/namanbajpai/.pyenv/versions/3.10.0/lib/python3.10/site-packages/urllib3/connectionpool.py:1103: InsecureRequestWarning: Unverified HTTPS request is being made to host 'ec2-54-160-110-4.compute-1.amazonaws.com'. Adding certificate verification is strongly advised. See: https://urllib3.readthedocs.io/en/latest/advanced-usage.html#tls-warnings
  warnings.warn(
Content for Endpoint /learn/api/public/v1/courses/_3_1/contents: {'results': [{'id': '_17_1', 'parentId': '_11_1', 'title': 'Resume', 'created': '2024-04-04T07:54:07.144Z', 'modified': '2024-04-04T07:55:03.642Z', 'position': 0, 'hasChildren': True, 'launchInNewWindow': True, 'reviewable': True, 'availability': {'available': 'Yes', 'allowGuests': True, 'allowObservers': True, 'adaptiveRelease': {}}, 'contentHandler': {'id': 'resource/x-bb-folder', 'isBbPage': True}, 'links': [{'href': '/ultra/redirect?redirectType=nautilus&courseId=_3_1&contentId=_17_1&parentId=_11_1', 'rel': 'alternate', 'title': 'User Interface View', 'type': 'text/html'}]}, {'id': '_14_1', 'parentId': '_11_1', 'title': 'Syllabus', 'created': '2024-04-04T07:33:30.856Z', 'modified': '2024-04-04T07:54:07.158Z', 'position': 1, 'hasChildren': True, 'launchInNewWindow': True, 'reviewable': True, 'availability': {'available': 'Yes', 'allowGuests': True, 'allowObservers': True, 'adaptiveRelease': {}}, 'contentHandler': {'id': 'resource/x-bb-folder', 'isBbPage': True}, 'links': [{'href': '/ultra/redirect?redirectType=nautilus&courseId=_3_1&contentId=_14_1&parentId=_11_1', 'rel': 'alternate', 'title': 'User Interface View', 'type': 'text/html'}]}]}